    Updating crates.io index
     Locking 143 packages to latest compatible versions
      Adding block2 v0.5.1 (available: v0.6.2)
      Adding core-graphics-types v0.1.3 (available: v0.2.0)
      Adding d3d12 v0.20.0 (available: v22.0.0)
      Adding mach2 v0.4.3 (available: v0.6.0)
      Adding metal v0.28.0 (available: v0.33.0)
      Adding objc2 v0.5.2 (available: v0.6.4)
      Adding windows v0.52.0 (available: v0.62.2)
 Downloading crates ...
  Downloaded block2 v0.5.1
  Downloaded gpu-allocator v0.28.0
  Downloaded windows-implement v0.60.2
  Downloaded windows-threading v0.2.1
  Downloaded windows-result v0.4.1
  Downloaded windows-strings v0.5.1
  Downloaded wgpu-core-deps-windows-linux-android v29.0.3
  Downloaded wgpu-naga-bridge v29.0.3
  Downloaded raw-window-metal v1.1.0
  Downloaded windows-interface v0.59.3
  Downloaded windows-future v0.3.2
  Downloaded objc2-quartz-core v0.3.2
  Downloaded windows-core v0.62.2
  Downloaded portable-atomic-util v0.2.7
  Downloaded zerocopy-derive v0.8.50
  Downloaded ordered-float v5.3.0
  Downloaded wgpu-types v29.0.3
  Downloaded objc2 v0.5.2
  Downloaded dispatch2 v0.3.1
  Downloaded objc2-encode v4.1.0
  Downloaded portable-atomic v1.13.1
  Downloaded wgpu v29.0.3
  Downloaded objc2-metal v0.3.2
  Downloaded zerocopy v0.8.50
  Downloaded objc2 v0.6.4
  Downloaded objc2-core-foundation v0.3.2
  Downloaded objc-sys v0.3.5
  Downloaded wgpu-core v29.0.3
  Downloaded objc2-foundation v0.3.2
  Downloaded windows-numerics v0.3.1
  Downloaded wgpu-hal v29.0.3
  Downloaded windows-collections v0.3.2
  Downloaded wasm-bindgen-futures v0.4.72
  Downloaded web-sys v0.3.99
  Downloaded naga v29.0.3
  Downloaded windows v0.62.2
  Downloaded windows v0.52.0
  Downloaded d3d12 v0.20.0
  Downloaded windows-core v0.52.0
